{
  "file": "app.js",
  "sources": [],
  "mappings": [],
}