{
  "file": null,
  "sources": [],
  "mappings": [],
  "debugId": "1aad9d9e-2b50-454f-a5f2-0dd5e95c154c"
}