{
  "file": "empty-scopes-field.js",
  "mappings": [],
  "sources": [],
  "ranges": []
}